Archive member included to satisfy reference by file (symbol)

c:/program files (x86)/atmel/studio/7.0/toolchain/arm/arm-gnu-toolchain/bin/../lib/gcc/arm-none-eabi/6.3.1/thumb/v7e-m\libgcc.a(_arm_addsubdf3.o)
                              main.o (__aeabi_dsub)
c:/program files (x86)/atmel/studio/7.0/toolchain/arm/arm-gnu-toolchain/bin/../lib/gcc/arm-none-eabi/6.3.1/thumb/v7e-m\libgcc.a(_arm_muldivdf3.o)
                              helper.o (__aeabi_dmul)
c:/program files (x86)/atmel/studio/7.0/toolchain/arm/arm-gnu-toolchain/bin/../lib/gcc/arm-none-eabi/6.3.1/thumb/v7e-m\libgcc.a(_arm_truncdfsf2.o)
                              helper.o (__aeabi_d2f)
c:/program files (x86)/atmel/studio/7.0/toolchain/arm/arm-gnu-toolchain/bin/../lib/gcc/arm-none-eabi/6.3.1/../../../../arm-none-eabi/lib/thumb/v7e-m\libc_nano.a(lib_a-exit.o)
                              c:/program files (x86)/atmel/studio/7.0/toolchain/arm/arm-gnu-toolchain/bin/../lib/gcc/arm-none-eabi/6.3.1/../../../../arm-none-eabi/lib/thumb/v7e-m/crt0.o (exit)
c:/program files (x86)/atmel/studio/7.0/toolchain/arm/arm-gnu-toolchain/bin/../lib/gcc/arm-none-eabi/6.3.1/../../../../arm-none-eabi/lib/thumb/v7e-m\libc_nano.a(lib_a-impure.o)
                              c:/program files (x86)/atmel/studio/7.0/toolchain/arm/arm-gnu-toolchain/bin/../lib/gcc/arm-none-eabi/6.3.1/../../../../arm-none-eabi/lib/thumb/v7e-m\libc_nano.a(lib_a-exit.o) (_global_impure_ptr)
c:/program files (x86)/atmel/studio/7.0/toolchain/arm/arm-gnu-toolchain/bin/../lib/gcc/arm-none-eabi/6.3.1/../../../../arm-none-eabi/lib/thumb/v7e-m\libc_nano.a(lib_a-init.o)
                              c:/program files (x86)/atmel/studio/7.0/toolchain/arm/arm-gnu-toolchain/bin/../lib/gcc/arm-none-eabi/6.3.1/../../../../arm-none-eabi/lib/thumb/v7e-m/crt0.o (__libc_init_array)
c:/program files (x86)/atmel/studio/7.0/toolchain/arm/arm-gnu-toolchain/bin/../lib/gcc/arm-none-eabi/6.3.1/../../../../arm-none-eabi/lib/thumb/v7e-m\libc_nano.a(lib_a-memset.o)
                              c:/program files (x86)/atmel/studio/7.0/toolchain/arm/arm-gnu-toolchain/bin/../lib/gcc/arm-none-eabi/6.3.1/../../../../arm-none-eabi/lib/thumb/v7e-m/crt0.o (memset)
c:/program files (x86)/atmel/studio/7.0/toolchain/arm/arm-gnu-toolchain/bin/../lib/gcc/arm-none-eabi/6.3.1/../../../../arm-none-eabi/lib/thumb/v7e-m\libc_nano.a(lib_a-printf.o)
                              hal/utils/src/utils_syscalls.o (printf)
c:/program files (x86)/atmel/studio/7.0/toolchain/arm/arm-gnu-toolchain/bin/../lib/gcc/arm-none-eabi/6.3.1/../../../../arm-none-eabi/lib/thumb/v7e-m\libc_nano.a(lib_a-findfp.o)
                              c:/program files (x86)/atmel/studio/7.0/toolchain/arm/arm-gnu-toolchain/bin/../lib/gcc/arm-none-eabi/6.3.1/../../../../arm-none-eabi/lib/thumb/v7e-m\libc_nano.a(lib_a-printf.o) (__sinit)
c:/program files (x86)/atmel/studio/7.0/toolchain/arm/arm-gnu-toolchain/bin/../lib/gcc/arm-none-eabi/6.3.1/../../../../arm-none-eabi/lib/thumb/v7e-m\libc_nano.a(lib_a-fwalk.o)
                              c:/program files (x86)/atmel/studio/7.0/toolchain/arm/arm-gnu-toolchain/bin/../lib/gcc/arm-none-eabi/6.3.1/../../../../arm-none-eabi/lib/thumb/v7e-m\libc_nano.a(lib_a-findfp.o) (_fwalk)
c:/program files (x86)/atmel/studio/7.0/toolchain/arm/arm-gnu-toolchain/bin/../lib/gcc/arm-none-eabi/6.3.1/../../../../arm-none-eabi/lib/thumb/v7e-m\libc_nano.a(lib_a-nano-mallocr.o)
                              c:/program files (x86)/atmel/studio/7.0/toolchain/arm/arm-gnu-toolchain/bin/../lib/gcc/arm-none-eabi/6.3.1/../../../../arm-none-eabi/lib/thumb/v7e-m\libc_nano.a(lib_a-findfp.o) (_malloc_r)
c:/program files (x86)/atmel/studio/7.0/toolchain/arm/arm-gnu-toolchain/bin/../lib/gcc/arm-none-eabi/6.3.1/../../../../arm-none-eabi/lib/thumb/v7e-m\libc_nano.a(lib_a-nano-vfprintf.o)
                              c:/program files (x86)/atmel/studio/7.0/toolchain/arm/arm-gnu-toolchain/bin/../lib/gcc/arm-none-eabi/6.3.1/../../../../arm-none-eabi/lib/thumb/v7e-m\libc_nano.a(lib_a-printf.o) (_vfprintf_r)
c:/program files (x86)/atmel/studio/7.0/toolchain/arm/arm-gnu-toolchain/bin/../lib/gcc/arm-none-eabi/6.3.1/../../../../arm-none-eabi/lib/thumb/v7e-m\libc_nano.a(lib_a-nano-vfprintf_i.o)
                              c:/program files (x86)/atmel/studio/7.0/toolchain/arm/arm-gnu-toolchain/bin/../lib/gcc/arm-none-eabi/6.3.1/../../../../arm-none-eabi/lib/thumb/v7e-m\libc_nano.a(lib_a-nano-vfprintf.o) (_printf_i)
c:/program files (x86)/atmel/studio/7.0/toolchain/arm/arm-gnu-toolchain/bin/../lib/gcc/arm-none-eabi/6.3.1/../../../../arm-none-eabi/lib/thumb/v7e-m\libc_nano.a(lib_a-sbrkr.o)
                              c:/program files (x86)/atmel/studio/7.0/toolchain/arm/arm-gnu-toolchain/bin/../lib/gcc/arm-none-eabi/6.3.1/../../../../arm-none-eabi/lib/thumb/v7e-m\libc_nano.a(lib_a-nano-mallocr.o) (_sbrk_r)
[...]
Memory Configuration

Name             Origin             Length             Attributes
rom              0x00000000         0x00040000         xr
ram              0x20000000         0x00020000         xrw
bkupram          0x47000000         0x00002000         xrw
qspi             0x04000000         0x01000000         xrw
*default*        0x00000000         0xffffffff

Linker script and memory map

LOAD c:/program files (x86)/atmel/studio/7.0/toolchain/arm/arm-gnu-toolchain/bin/../lib/gcc/arm-none-eabi/6.3.1/thumb/v7e-m/crti.o
LOAD c:/program files (x86)/atmel/studio/7.0/toolchain/arm/arm-gnu-toolchain/bin/../lib/gcc/arm-none-eabi/6.3.1/thumb/v7e-m/crtbegin.o
LOAD c:/program files (x86)/atmel/studio/7.0/toolchain/arm/arm-gnu-toolchain/bin/../lib/gcc/arm-none-eabi/6.3.1/../../../../arm-none-eabi/lib/thumb/v7e-m/crt0.o
LOAD atmel_start.o
LOAD Device_Startup/startup_samd51.o
LOAD Device_Startup/system_samd51.o
LOAD driver_init.o
LOAD examples/driver_examples.o
LOAD hal/src/hal_adc_sync.o
LOAD hal/src/hal_atomic.o
LOAD hal/src/hal_cache.o
LOAD hal/src/hal_delay.o
LOAD hal/src/hal_evsys.o
LOAD hal/src/hal_gpio.o
LOAD hal/src/hal_init.o
LOAD hal/src/hal_io.o
LOAD hal/src/hal_qspi_sync.o
LOAD hal/src/hal_sleep.o
LOAD hal/utils/src/utils_assert.o
LOAD hal/utils/src/utils_event.o
LOAD hal/utils/src/utils_list.o
LOAD hal/utils/src/utils_syscalls.o
LOAD helper.o
LOAD hpl/adc/hpl_adc.o
LOAD hpl/ccl/hpl_ccl.o
LOAD hpl/cmcc/hpl_cmcc.o
LOAD hpl/core/hpl_core_m4.o
LOAD hpl/core/hpl_init.o
LOAD hpl/dmac/hpl_dmac.o
LOAD hpl/evsys/hpl_evsys.o
LOAD hpl/gclk/hpl_gclk.o
LOAD hpl/mclk/hpl_mclk.o
LOAD hpl/osc32kctrl/hpl_osc32kctrl.o
LOAD hpl/oscctrl/hpl_oscctrl.o
LOAD hpl/pm/hpl_pm.o
LOAD hpl/qspi/hpl_qspi.o
LOAD hpl/ramecc/hpl_ramecc.o
LOAD hpl/spi/spi_lite.o
LOAD hpl/tcc/tcc_lite.o
LOAD hpl/tc/tc_lite.o
LOAD main.o
START GROUP
LOAD c:/program files (x86)/atmel/studio/7.0/toolchain/arm/arm-gnu-toolchain/bin/../lib/gcc/arm-none-eabi/6.3.1/../../../../arm-none-eabi/lib/thumb/v7e-m\libm.a
END GROUP
START GROUP
LOAD c:/program files (x86)/atmel/studio/7.0/toolchain/arm/arm-gnu-toolchain/bin/../lib/gcc/arm-none-eabi/6.3.1/thumb/v7e-m\libgcc.a
LOAD c:/program files (x86)/atmel/studio/7.0/toolchain/arm/arm-gnu-toolchain/bin/../lib/gcc/arm-none-eabi/6.3.1/../../../../arm-none-eabi/lib/thumb/v7e-m\libc_nano.a
END GROUP
START GROUP
LOAD c:/program files (x86)/atmel/studio/7.0/toolchain/arm/arm-gnu-toolchain/bin/../lib/gcc/arm-none-eabi/6.3.1/thumb/v7e-m\libgcc.a
LOAD c:/program files (x86)/atmel/studio/7.0/toolchain/arm/arm-gnu-toolchain/bin/../lib/gcc/arm-none-eabi/6.3.1/../../../../arm-none-eabi/lib/thumb/v7e-m\libc_nano.a
END GROUP
LOAD c:/program files (x86)/atmel/studio/7.0/toolchain/arm/arm-gnu-toolchain/bin/../lib/gcc/arm-none-eabi/6.3.1/thumb/v7e-m/crtend.o
LOAD c:/program files (x86)/atmel/studio/7.0/toolchain/arm/arm-gnu-toolchain/bin/../lib/gcc/arm-none-eabi/6.3.1/thumb/v7e-m/crtn.o
                0x00008000                STACK_SIZE = DEFINED (STACK_SIZE)?STACK_SIZE:DEFINED (__stack_size__)?__stack_size__:0x8000

.text           0x00000000     0x47ac
                0x00000000                . = ALIGN (0x4)
                0x00000000                _sfixed = .
 *(.vectors .vectors.*)
 .vectors       0x00000000      0x264 Device_Startup/startup_samd51.o
                0x00000000                exception_table
 *(.text .text.* .gnu.linkonce.t.*)
 .text          0x00000264       0x6c c:/program files (x86)/atmel/studio/7.0/toolchain/arm/arm-gnu-toolchain/bin/../lib/gcc/arm-none-eabi/6.3.1/thumb/v7e-m/crtbegin.o
 .text.atmel_start_init
                0x000002d0       0x10 atmel_start.o
                0x000002d0                atmel_start_init
 .text.Reset_Handler
                0x000002e0       0x9c Device_Startup/startup_samd51.o
                0x000002e0                Reset_Handler
 .text.Dummy_Handler
                0x0000037c        0x6 Device_Startup/startup_samd51.o
                0x0000037c                EIC_5_Handler
                0x0000037c                SVCall_Handler
                0x0000037c                SERCOM0_2_Handler
                0x0000037c                EIC_13_Handler
                0x0000037c                EVSYS_0_Handler
                0x0000037c                TCC1_3_Handler
                0x0000037c                DAC_3_Handler
                0x0000037c                TRNG_Handler
                0x0000037c                HardFault_Handler
                0x0000037c                TC2_Handler
                0x0000037c                PDEC_2_Handler
                0x0000037c                EIC_4_Handler
                0x0000037c                AC_Handler
                0x0000037c                SERCOM3_1_Handler
                0x0000037c                TCC2_3_Handler
                0x0000037c                SysTick_Handler
                0x0000037c                SERCOM3_2_Handler
                0x0000037c                PendSV_Handler
                0x0000037c                ADC1_1_Handler
                0x0000037c                EVSYS_3_Handler
                0x0000037c                PDEC_0_Handler
                0x0000037c                QSPI_Handler
                0x0000037c                NonMaskableInt_Handler
                0x0000037c                TCC0_0_Handler
                0x0000037c                EIC_3_Handler
                0x0000037c                MemManagement_Handler
                0x0000037c                DAC_2_Handler
                0x0000037c                SERCOM0_0_Handler
                0x0000037c                RTC_Handler
                0x0000037c                UsageFault_Handler
                0x0000037c                SERCOM4_0_Handler
                0x0000037c                EIC_10_Handler
                0x0000037c                SERCOM0_3_Handler
                0x0000037c                EIC_11_Handler
                0x0000037c                EIC_9_Handler
                0x0000037c                OSC32KCTRL_Handler
                0x0000037c                TCC2_1_Handler
                0x0000037c                SUPC_1_Handler
                0x0000037c                TCC0_5_Handler
                0x0000037c                TCC0_6_Handler
                0x0000037c                EVSYS_1_Handler
                0x0000037c                TCC1_4_Handler
                0x0000037c                DMAC_0_Handler
                0x0000037c                WDT_Handler
                0x0000037c                EIC_8_Handler
                0x0000037c                EIC_15_Handler
                0x0000037c                SERCOM5_0_Handler
                0x0000037c                TC1_Handler
                0x0000037c                OSCCTRL_4_Handler
                0x0000037c                SERCOM4_3_Handler
                0x0000037c                EIC_12_Handler
                0x0000037c                DMAC_4_Handler
                0x0000037c                PAC_Handler
                0x0000037c                TCC1_0_Handler
                0x0000037c                USB_0_Handler
                0x0000037c                OSCCTRL_0_Handler
                0x0000037c                EIC_0_Handler
                0x0000037c                OSCCTRL_3_Handler
                0x0000037c                SERCOM4_1_Handler
                0x0000037c                TC3_Handler
                0x0000037c                Dummy_Handler
                0x0000037c                TCC2_2_Handler
                0x0000037c                SERCOM5_1_Handler
                0x0000037c                TCC1_1_Handler
                0x0000037c                DMAC_2_Handler
                0x0000037c                ADC0_0_Handler
                0x0000037c                SERCOM0_1_Handler
                0x0000037c                OSCCTRL_2_Handler
                0x0000037c                ADC1_0_Handler
                0x0000037c                TCC1_2_Handler
                0x0000037c                USB_1_Handler
                0x0000037c                PM_Handler
                0x0000037c                SERCOM2_3_Handler
                0x0000037c                DAC_4_Handler
                0x0000037c                TCC0_2_Handler
                0x0000037c                DMAC_1_Handler
                0x0000037c                USB_3_Handler
                0x0000037c                TCC2_0_Handler
                0x0000037c                PDEC_1_Handler
                0x0000037c                SERCOM5_3_Handler
                0x0000037c                USB_2_Handler
                0x0000037c                SDHC0_Handler
                0x0000037c                SERCOM1_1_Handler
                0x0000037c                EIC_2_Handler
                0x0000037c                PCC_Handler
                0x0000037c                DAC_0_Handler
                0x0000037c                TCC0_1_Handler
                0x0000037c                SERCOM1_3_Handler
                0x0000037c                EIC_6_Handler
                0x0000037c                OSCCTRL_1_Handler
                0x0000037c                SERCOM1_0_Handler
                0x0000037c                PUKCC_Handler
                0x0000037c                SERCOM2_1_Handler
                0x0000037c                SERCOM1_2_Handler
                0x0000037c                SERCOM3_0_Handler
                0x0000037c                EIC_1_Handler
                0x0000037c                SERCOM4_2_Handler
                0x0000037c                EVSYS_4_Handler
                0x0000037c                EIC_7_Handler
                0x0000037c                NVMCTRL_1_Handler
                0x0000037c                SERCOM5_2_Handler
                0x0000037c                SERCOM3_3_Handler
                0x0000037c                SERCOM2_2_Handler
                0x0000037c                EIC_14_Handler
                0x0000037c                DAC_1_Handler
                0x0000037c                NVMCTRL_0_Handler
                0x0000037c                MCLK_Handler
                0x0000037c                EVSYS_2_Handler
                0x0000037c                SUPC_0_Handler
                0x0000037c                BusFault_Handler
                0x0000037c                FREQM_Handler
                0x0000037c                TCC0_3_Handler
                0x0000037c                DMAC_3_Handler
                0x0000037c                DebugMonitor_Handler
                0x0000037c                TCC0_4_Handler
                0x0000037c                SERCOM2_0_Handler
                0x0000037c                ICM_Handler
                0x0000037c                AES_Handler
 .text.hri_gclk_write_PCHCTRL_reg
                0x00000382       0x26 driver_init.o
 .text.hri_mclk_set_AHBMASK_QSPI_bit
                0x000003a8       0x20 driver_init.o
 .text.hri_mclk_set_AHBMASK_QSPI_2X_bit
                0x000003c8       0x20 driver_init.o
 .text.hri_mclk_set_APBAMASK_SERCOM0_bit
                0x000003e8       0x20 driver_init.o
 .text.hri_mclk_set_APBAMASK_TC0_bit
                0x00000408       0x20 driver_init.o
 .text.hri_mclk_set_APBAMASK_TC1_bit
                0x00000428       0x20 driver_init.o
 .text.hri_mclk_set_APBBMASK_EVSYS_bit
                0x00000448       0x20 driver_init.o
 .text.hri_mclk_set_APBBMASK_TCC0_bit
                0x00000468       0x20 driver_init.o
 .text.hri_mclk_set_APBCMASK_QSPI_bit
                0x00000488       0x20 driver_init.o
 .text.hri_mclk_set_APBCMASK_CCL_bit
                0x000004a8       0x20 driver_init.o
 .text.hri_mclk_set_APBDMASK_ADC0_bit
                0x000004c8       0x20 driver_init.o
 .text.hri_mclk_set_APBDMASK_ADC1_bit
                0x000004e8       0x20 driver_init.o
 .text.hri_port_set_DIR_reg
                0x00000508       0x28 driver_init.o
 .text.hri_port_clear_DIR_reg
                0x00000530       0x28 driver_init.o
 .text.hri_port_set_OUT_reg
                0x00000558       0x28 driver_init.o
 .text.hri_port_clear_OUT_reg
                0x00000580       0x28 driver_init.o
 .text.hri_port_write_PMUX_PMUXE_bf
                0x000005a8       0x60 driver_init.o
 .text.hri_port_write_PMUX_PMUXO_bf
                0x00000608       0x5e driver_init.o
 .text.hri_port_write_PINCFG_PMUXEN_bit
                0x00000666       0x5a driver_init.o
 .text.hri_port_set_PINCFG_PULLEN_bit
                0x000006c0       0x44 driver_init.o
 .text.hri_port_clear_PINCFG_PULLEN_bit
                0x00000704       0x44 driver_init.o
 .text.hri_port_write_WRCONFIG_reg
                0x00000748       0x28 driver_init.o
 .text._gpio_set_direction
                0x00000770       0xe8 driver_init.o
 .text._gpio_set_level
                0x00000858       0x44 driver_init.o
 .text._gpio_set_pin_pull_mode
                0x0000089c       0xc0 driver_init.o
 .text._gpio_set_pin_function
                0x0000095c       0x84 driver_init.o
 .text.gpio_set_pin_pull_mode
                0x000009e0       0x34 driver_init.o
 .text.gpio_set_pin_function
                0x00000a14       0x20 driver_init.o
 .text.gpio_set_pin_direction
                0x00000a34       0x38 driver_init.o
 .text.gpio_set_pin_level
                0x00000a6c       0x38 driver_init.o
 .text.init_mcu
                0x00000aa4       0x10 driver_init.o
 .text.custom_logic_init
                0x00000ab4       0x14 driver_init.o
 .text.CURR_A_TRQ_ADC_PORT_init
                0x00000ac8       0x38 driver_init.o
                0x00000ac8                CURR_A_TRQ_ADC_PORT_init
 .text.CURR_A_TRQ_ADC_CLOCK_init
                0x00000b00       0x28 driver_init.o
                0x00000b00                CURR_A_TRQ_ADC_CLOCK_init
 .text.CURR_A_TRQ_ADC_init
                0x00000b28       0x30 driver_init.o
                0x00000b28                CURR_A_TRQ_ADC_init
 .text.CURR_B_ADC_PORT_init
                0x00000b58       0x24 driver_init.o
                0x00000b58                CURR_B_ADC_PORT_init
 .text.CURR_B_ADC_CLOCK_init
                0x00000b7c       0x28 driver_init.o
                0x00000b7c                CURR_B_ADC_CLOCK_init
 .text.CURR_B_ADC_init
                0x00000ba4       0x30 driver_init.o
                0x00000ba4                CURR_B_ADC_init
 .text.Hall_CCL_PORT_init
                0x00000bd4        0xe driver_init.o
                0x00000bd4                Hall_CCL_PORT_init
 *fill*         0x00000be2        0x2 
 .text.Hall_CCL_CLOCK_init
                0x00000be4       0x28 driver_init.o
                0x00000be4                Hall_CCL_CLOCK_init
 .text.Hall_CCL_init
                0x00000c0c       0x20 driver_init.o
                0x00000c0c                Hall_CCL_init
 .text.EVESYS_init
                0x00000c2c       0x3c driver_init.o
                0x00000c2c                EVESYS_init
 .text.ECAT_QSPI_PORT_init
                0x00000c68       0x98 driver_init.o
                0x00000c68                ECAT_QSPI_PORT_init
 .text.ECAT_QSPI_CLOCK_init
                0x00000d00       0x2c driver_init.o
                0x00000d00                ECAT_QSPI_CLOCK_init
 .text.ECAT_QSPI_init
                0x00000d2c       0x2c driver_init.o
                0x00000d2c                ECAT_QSPI_init
 .text.ENC_SPI_PORT_init
                0x00000d58       0x6c driver_init.o
                0x00000d58                ENC_SPI_PORT_init
 .text.ENC_SPI_CLOCK_init
                0x00000dc4       0x34 driver_init.o
                0x00000dc4                ENC_SPI_CLOCK_init
 .text.HALL_Timer_CLOCK_init
                0x00000df8       0x34 driver_init.o
                0x00000df8                HALL_Timer_CLOCK_init
 .text.Moror_PWM_PORT_init
                0x00000e2c       0x54 driver_init.o
                0x00000e2c                Moror_PWM_PORT_init
 .text.Moror_PWM_CLOCK_init
                0x00000e80       0x28 driver_init.o
                0x00000e80                Moror_PWM_CLOCK_init
 .text.system_init
                0x00000ea8       0xf0 driver_init.o
                0x00000ea8                system_init
 .text.adc_sync_init
                0x00000f98       0x50 hal/src/hal_adc_sync.o
                0x00000f98                adc_sync_init
 .text.adc_sync_enable_channel
                0x00000fe8       0x44 hal/src/hal_adc_sync.o
                0x00000fe8                adc_sync_enable_channel
 .text.atomic_enter_critical
                0x0000102c       0x26 hal/src/hal_atomic.o
                0x0000102c                atomic_enter_critical
 .text.atomic_leave_critical
                0x00001052       0x24 hal/src/hal_atomic.o
                0x00001052                atomic_leave_critical
 *fill*         0x00001076        0x2 
 .text.event_system_init
                0x00001078       0x14 hal/src/hal_evsys.o
                0x00001078                event_system_init
 .text.qspi_sync_init
                0x0000108c       0x4c hal/src/hal_qspi_sync.o
                0x0000108c                qspi_sync_init
 .text.qspi_sync_enable
                0x000010d8       0x3c hal/src/hal_qspi_sync.o
                0x000010d8                qspi_sync_enable
 .text.qspi_sync_serial_run_command
                0x00001114       0x4c hal/src/hal_qspi_sync.o
                0x00001114                qspi_sync_serial_run_command
 .text.assert   0x00001160       0x28 hal/utils/src/utils_assert.o
                0x00001160                assert
 .text.hri_port_set_OUT_reg
                0x00001188       0x28 helper.o
 .text.hri_port_clear_OUT_reg
                0x000011b0       0x28 helper.o
 .text._gpio_set_level
                0x000011d8       0x44 helper.o
 .text.gpio_set_pin_level
                0x0000121c       0x38 helper.o
 .text.ECAT_QSPI_send
                0x00001254       0x74 helper.o
                0x00001254                ECAT_QSPI_send
 .text.ECAT_QSPI_read
                0x000012c8       0x68 helper.o
                0x000012c8                ECAT_QSPI_read
 .text.pi_controller
                0x00001330       0xdc helper.o
                0x00001330                pi_controller
 .text.p_controller
                0x0000140c       0x80 helper.o
                0x0000140c                p_controller
 .text.set_encoder_offset_zero
                0x0000148c       0x98 helper.o
                0x0000148c                set_encoder_offset_zero
 *fill*         0x00001524        0x4 
 .text.receive_data_from_encoder
                0x00001528      0x10c helper.o
                0x00001528                receive_data_from_encoder
 .text.hri_adc_wait_for_sync
                0x00001634       0x24 hpl/adc/hpl_adc.o
 .text.hri_adc_is_syncing
                0x00001658       0x28 hpl/adc/hpl_adc.o
 .text.hri_adc_set_CTRLA_ENABLE_bit
                0x00001680       0x2c hpl/adc/hpl_adc.o
 .text.hri_adc_clear_CTRLA_ENABLE_bit
                0x000016ac       0x2c hpl/adc/hpl_adc.o
 .text.hri_adc_get_CTRLA_reg
                0x000016d8       0x30 hpl/adc/hpl_adc.o
 .text.hri_adc_write_CTRLA_reg
                0x00001708       0x28 hpl/adc/hpl_adc.o
 .text.hri_adc_write_EVCTRL_reg
                0x00001730       0x1e hpl/adc/hpl_adc.o
 .text.hri_adc_write_DBGCTRL_reg
                0x0000174e       0x1e hpl/adc/hpl_adc.o
 .text.hri_adc_write_INPUTCTRL_reg
                0x0000176c       0x28 hpl/adc/hpl_adc.o
 .text.hri_adc_write_CTRLB_reg
                0x00001794       0x28 hpl/adc/hpl_adc.o
 .text.hri_adc_write_REFCTRL_reg
                0x000017bc       0x28 hpl/adc/hpl_adc.o
 .text.hri_adc_write_AVGCTRL_reg
                0x000017e4       0x28 hpl/adc/hpl_adc.o
 .text.hri_adc_write_SAMPCTRL_reg
                0x0000180c       0x28 hpl/adc/hpl_adc.o
 .text.hri_adc_write_WINLT_reg
                0x00001834       0x28 hpl/adc/hpl_adc.o
 .text.hri_adc_write_WINUT_reg
                0x0000185c       0x28 hpl/adc/hpl_adc.o
 .text.hri_adc_write_GAINCORR_reg
                0x00001884       0x28 hpl/adc/hpl_adc.o
 .text.hri_adc_write_OFFSETCORR_reg
                0x000018ac       0x28 hpl/adc/hpl_adc.o
 .text.hri_adc_write_CALIB_reg
                0x000018d4       0x20 hpl/adc/hpl_adc.o
 .text._adc_get_hardware_index
                0x000018f4       0x22 hpl/adc/hpl_adc.o
 *fill*         0x00001916        0x2 
 .text._adc_get_regs
                0x00001918       0x64 hpl/adc/hpl_adc.o
 .text._adc_init
                0x0000197c      0x268 hpl/adc/hpl_adc.o
 .text._adc_sync_init
                0x00001be4       0x54 hpl/adc/hpl_adc.o
                0x00001be4                _adc_sync_init
 .text._adc_sync_enable_channel
                0x00001c38       0x24 hpl/adc/hpl_adc.o
                0x00001c38                _adc_sync_enable_channel
 .text.hri_ccl_set_CTRL_ENABLE_bit
                0x00001c5c       0x24 hpl/ccl/hpl_ccl.o
 .text.hri_ccl_write_CTRL_reg
                0x00001c80       0x1e hpl/ccl/hpl_ccl.o
 .text.hri_ccl_write_SEQCTRL_reg
                0x00001c9e       0x26 hpl/ccl/hpl_ccl.o
 .text.hri_ccl_write_LUTCTRL_reg
                0x00001cc4       0x26 hpl/ccl/hpl_ccl.o
 *fill*         0x00001cea        0x2 
 .text._custom_logic_init
                0x00001cec       0x88 hpl/ccl/hpl_ccl.o
                0x00001cec                _custom_logic_init
 .text._custom_logic_enable
                0x00001d74       0x18 hpl/ccl/hpl_ccl.o
                0x00001d74                _custom_logic_enable
 .text.hri_nvmctrl_set_CTRLA_RWS_bf
                0x00001d8c       0x32 hpl/core/hpl_init.o
 *fill*         0x00001dbe        0x2 
 .text._init_chip
                0x00001dc0       0x4c hpl/core/hpl_init.o
                0x00001dc0                _init_chip
 .text.hri_evsys_write_USER_reg
                0x00001e0c       0x26 hpl/evsys/hpl_evsys.o
 .text.hri_evsys_write_CHINTEN_reg
                0x00001e32       0x3e hpl/evsys/hpl_evsys.o
 .text.hri_evsys_write_CHANNEL_reg
                0x00001e70       0x26 hpl/evsys/hpl_evsys.o
 *fill*         0x00001e96        0x2 
 .text._event_system_init
                0x00001e98       0x8c hpl/evsys/hpl_evsys.o
                0x00001e98                _event_system_init
 .text.hri_gclk_wait_for_sync
                0x00001f24       0x24 hpl/gclk/hpl_gclk.o
 .text.hri_gclk_write_GENCTRL_reg
                0x00001f48       0x30 hpl/gclk/hpl_gclk.o
 .text._gclk_init_generators_by_fref
                0x00001f78       0x48 hpl/gclk/hpl_gclk.o
                0x00001f78                _gclk_init_generators_by_fref
 .text.hri_mclk_write_CPUDIV_reg
                0x00001fc0       0x1e hpl/mclk/hpl_mclk.o
 *fill*         0x00001fde        0x2 
 .text._mclk_init
                0x00001fe0       0x24 hpl/mclk/hpl_mclk.o
                0x00001fe0                _mclk_init
 .text.hri_osc32kctrl_write_RTCCTRL_reg
                0x00002004       0x1e hpl/osc32kctrl/hpl_osc32kctrl.o
 .text.hri_osc32kctrl_read_OSCULP32K_CALIB_bf
                0x00002022       0x26 hpl/osc32kctrl/hpl_osc32kctrl.o
 .text.hri_osc32kctrl_write_OSCULP32K_reg
                0x00002048       0x1c hpl/osc32kctrl/hpl_osc32kctrl.o
 .text._osc32kctrl_init_sources
                0x00002064       0x48 hpl/osc32kctrl/hpl_osc32kctrl.o
                0x00002064                _osc32kctrl_init_sources
 .text.hri_gclk_wait_for_sync
                0x000020ac       0x24 hpl/oscctrl/hpl_oscctrl.o
 .text.hri_gclk_get_SYNCBUSY_GENCTRL0_bit
                0x000020d0       0x28 hpl/oscctrl/hpl_oscctrl.o
 .text.hri_gclk_read_SYNCBUSY_reg
                0x000020f8       0x18 hpl/oscctrl/hpl_oscctrl.o
 .text.hri_gclk_write_GENCTRL_SRC_bf
                0x00002110       0x50 hpl/oscctrl/hpl_oscctrl.o
 .text.hri_oscctrl_get_STATUS_DFLLRDY_bit
                0x00002160       0x28 hpl/oscctrl/hpl_oscctrl.o
 .text.hri_oscctrl_get_STATUS_reg
                0x00002188       0x26 hpl/oscctrl/hpl_oscctrl.o
 .text.hri_oscctrl_write_DFLLCTRLA_reg
                0x000021ae       0x1e hpl/oscctrl/hpl_oscctrl.o
 .text.hri_oscctrl_get_DFLLCTRLB_MODE_bit
                0x000021cc       0x30 hpl/oscctrl/hpl_oscctrl.o
 .text.hri_oscctrl_write_DFLLCTRLB_reg
                0x000021fc       0x20 hpl/oscctrl/hpl_oscctrl.o
 .text.hri_oscctrl_write_DFLLVAL_reg
                0x0000221c       0x1c hpl/oscctrl/hpl_oscctrl.o
 .text.hri_oscctrl_read_DFLLVAL_reg
                0x00002238       0x18 hpl/oscctrl/hpl_oscctrl.o
 .text.hri_oscctrl_write_DFLLMUL_reg
                0x00002250       0x1c hpl/oscctrl/hpl_oscctrl.o
 .text.hri_oscctrl_get_DFLLSYNC_ENABLE_bit
                0x0000226c       0x34 hpl/oscctrl/hpl_oscctrl.o
 .text.hri_oscctrl_get_DFLLSYNC_DFLLCTRLB_bit
                0x000022a0       0x34 hpl/oscctrl/hpl_oscctrl.o
 .text.hri_oscctrl_get_DFLLSYNC_DFLLVAL_bit
                0x000022d4       0x34 hpl/oscctrl/hpl_oscctrl.o
 .text.hri_oscctrl_get_DFLLSYNC_DFLLMUL_bit
                0x00002308       0x34 hpl/oscctrl/hpl_oscctrl.o
 .text._oscctrl_init_sources
                0x0000233c       0x1c hpl/oscctrl/hpl_oscctrl.o
                0x0000233c                _oscctrl_init_sources
 .text._oscctrl_init_referenced_generators
                0x00002358      0x168 hpl/oscctrl/hpl_oscctrl.o
                0x00002358                _oscctrl_init_referenced_generators
 .text.hri_qspi_get_INTFLAG_INSTREND_bit
                0x000024c0       0x28 hpl/qspi/hpl_qspi.o
 .text.hri_qspi_clear_INTFLAG_INSTREND_bit
                0x000024e8       0x1c hpl/qspi/hpl_qspi.o
 .text.hri_qspi_write_CTRLA_reg
                0x00002504       0x1c hpl/qspi/hpl_qspi.o
 .text.hri_qspi_write_CTRLB_reg
                0x00002520       0x1c hpl/qspi/hpl_qspi.o
 .text.hri_qspi_write_BAUD_reg
                0x0000253c       0x1c hpl/qspi/hpl_qspi.o
 .text.hri_qspi_write_INSTRADDR_reg
                0x00002558       0x1c hpl/qspi/hpl_qspi.o
 .text.hri_qspi_write_INSTRCTRL_INSTR_bf
                0x00002574       0x34 hpl/qspi/hpl_qspi.o
 .text.hri_qspi_write_INSTRCTRL_OPTCODE_bf
                0x000025a8       0x38 hpl/qspi/hpl_qspi.o
 .text.hri_qspi_write_INSTRFRAME_reg
                0x000025e0       0x1c hpl/qspi/hpl_qspi.o
 .text.hri_qspi_read_INSTRFRAME_reg
                0x000025fc       0x18 hpl/qspi/hpl_qspi.o
 .text._qspi_memcpy
                0x00002614       0x34 hpl/qspi/hpl_qspi.o
 .text._qspi_end_transfer
                0x00002648       0x20 hpl/qspi/hpl_qspi.o
 .text._qspi_sync_init
                0x00002668       0x70 hpl/qspi/hpl_qspi.o
                0x00002668                _qspi_sync_init
 .text._qspi_sync_enable
                0x000026d8       0x24 hpl/qspi/hpl_qspi.o
                0x000026d8                _qspi_sync_enable
 .text._qspi_sync_command_set_ifr
                0x000026fc       0x84 hpl/qspi/hpl_qspi.o
 .text._qspi_sync_run_transfer
                0x00002780       0xa4 hpl/qspi/hpl_qspi.o
 .text._qspi_sync_serial_run_command
                0x00002824       0x74 hpl/qspi/hpl_qspi.o
                0x00002824                _qspi_sync_serial_run_command
 .text.hri_ramecc_read_INTFLAG_reg
                0x00002898       0x1a hpl/ramecc/hpl_ramecc.o
 .text.hri_ramecc_read_ERRADDR_reg
                0x000028b2       0x18 hpl/ramecc/hpl_ramecc.o
 *fill*         0x000028ca        0x2 
 .text.RAMECC_Handler
                0x000028cc       0x74 hpl/ramecc/hpl_ramecc.o
                0x000028cc                RAMECC_Handler
 .text.hri_sercomspi_wait_for_sync
                0x00002940       0x24 hpl/spi/spi_lite.o
 .text.hri_sercomspi_is_syncing
                0x00002964       0x28 hpl/spi/spi_lite.o
 .text.hri_sercomspi_read_INTFLAG_reg
                0x0000298c       0x1a hpl/spi/spi_lite.o
 *fill*         0x000029a6        0x2 
 .text.hri_sercomspi_set_CTRLA_ENABLE_bit
                0x000029a8       0x28 hpl/spi/spi_lite.o
 .text.hri_sercomspi_write_CTRLA_ENABLE_bit
                0x000029d0       0x40 hpl/spi/spi_lite.o
 .text.hri_sercomspi_clear_CTRLA_ENABLE_bit
                0x00002a10       0x28 hpl/spi/spi_lite.o
 .text.hri_sercomspi_write_CTRLA_DOPO_bf
                0x00002a38       0x40 hpl/spi/spi_lite.o
 .text.hri_sercomspi_write_CTRLA_DIPO_bf
                0x00002a78       0x40 hpl/spi/spi_lite.o
 .text.hri_sercomspi_get_CTRLA_reg
                0x00002ab8       0x30 hpl/spi/spi_lite.o
 .text.hri_sercomspi_write_CTRLA_reg
                0x00002ae8       0x24 hpl/spi/spi_lite.o
 .text.hri_sercomspi_write_CTRLB_reg
                0x00002b0c       0x24 hpl/spi/spi_lite.o
 .text.hri_sercomspi_write_BAUD_reg
                0x00002b30       0x1e hpl/spi/spi_lite.o
 .text.hri_sercomspi_write_DATA_reg
                0x00002b4e       0x1c hpl/spi/spi_lite.o
 .text.hri_sercomspi_read_DATA_reg
                0x00002b6a       0x18 hpl/spi/spi_lite.o
 *fill*         0x00002b82        0x2 
 .text.ENC_SPI_init
                0x00002b84       0xb8 hpl/spi/spi_lite.o
                0x00002b84                ENC_SPI_init
 .text.ENC_SPI_enable
                0x00002c3c       0x18 hpl/spi/spi_lite.o
                0x00002c3c                ENC_SPI_enable
 .text.ENC_SPI_read_block
                0x00002c54       0x64 hpl/spi/spi_lite.o
                0x00002c54                ENC_SPI_read_block
 .text.hri_tcc_wait_for_sync
                0x00002cb8       0x24 hpl/tcc/tcc_lite.o
 .text.hri_tcc_is_syncing
                0x00002cdc       0x28 hpl/tcc/tcc_lite.o
 .text.hri_tcc_write_CTRLA_ENABLE_bit
                0x00002d04       0x40 hpl/tcc/tcc_lite.o
 .text.hri_tcc_clear_CTRLA_ENABLE_bit
                0x00002d44       0x28 hpl/tcc/tcc_lite.o
 .text.hri_tcc_get_CTRLA_reg
                0x00002d6c       0x30 hpl/tcc/tcc_lite.o
 .text.hri_tcc_write_CTRLA_reg
                0x00002d9c       0x24 hpl/tcc/tcc_lite.o
 .text.hri_tcc_write_WEXCTRL_reg
                0x00002dc0       0x1c hpl/tcc/tcc_lite.o
 .text.hri_tcc_write_DBGCTRL_reg
                0x00002ddc       0x1e hpl/tcc/tcc_lite.o
 .text.hri_tcc_write_EVCTRL_reg
                0x00002dfa       0x1c hpl/tcc/tcc_lite.o
 *fill*         0x00002e16        0x2 
 .text.hri_tcc_write_WAVE_reg
                0x00002e18       0x28 hpl/tcc/tcc_lite.o
 .text.hri_tcc_write_PER_reg
                0x00002e40       0x24 hpl/tcc/tcc_lite.o
 .text.Moror_PWM_init
                0x00002e64       0xc0 hpl/tcc/tcc_lite.o
                0x00002e64                Moror_PWM_init
 .text.hri_tc_wait_for_sync
                0x00002f24       0x24 hpl/tc/tc_lite.o
 .text.hri_tc_is_syncing
                0x00002f48       0x28 hpl/tc/tc_lite.o
 .text.hri_tc_write_CTRLB_reg
                0x00002f70       0x28 hpl/tc/tc_lite.o
 .text.hri_tc_write_INTEN_reg
                0x00002f98       0x28 hpl/tc/tc_lite.o
 .text.hri_tc_write_CTRLA_ENABLE_bit
                0x00002fc0       0x40 hpl/tc/tc_lite.o
 .text.hri_tc_clear_CTRLA_ENABLE_bit
                0x00003000       0x28 hpl/tc/tc_lite.o
 .text.hri_tc_get_CTRLA_reg
                0x00003028       0x30 hpl/tc/tc_lite.o
 .text.hri_tc_write_CTRLA_reg
                0x00003058       0x24 hpl/tc/tc_lite.o
 .text.hri_tc_write_EVCTRL_reg
                0x0000307c       0x1e hpl/tc/tc_lite.o
 .text.hri_tc_write_DBGCTRL_reg
                0x0000309a       0x1e hpl/tc/tc_lite.o
 .text.HALL_Timer_init
                0x000030b8       0xac hpl/tc/tc_lite.o
                0x000030b8                HALL_Timer_init
 .text.__NVIC_EnableIRQ
                0x00003164       0x3c main.o
 .text.hri_port_read_DIR_reg
                0x000031a0       0x22 main.o
 .text.hri_port_set_OUT_reg
                0x000031c2       0x28 main.o
 .text.hri_port_read_OUT_reg
                0x000031ea       0x24 main.o
 .text.hri_port_clear_OUT_reg
                0x0000320e       0x28 main.o
 .text.hri_port_read_IN_reg
                0x00003236       0x24 main.o
 *fill*         0x0000325a        0x2 
 .text._gpio_set_level
                0x0000325c       0x44 main.o
 .text._gpio_get_level
                0x000032a0       0x78 main.o
 .text.gpio_set_pin_level
                0x00003318       0x38 main.o
 .text.gpio_get_pin_level
                0x00003350       0x3c main.o
 .text.custom_logic_init
                0x0000338c       0x14 main.o
 .text.custom_logic_enable
                0x000033a0       0x14 main.o
 *fill*         0x000033b4        0x4 
 .text.ADC0_1_Handler
                0x000033b8      0x284 main.o
                0x000033b8                ADC0_1_Handler
 *fill*         0x0000363c        0x4 
 .text.TC0_Handler
                0x00003640       0xd0 main.o
                0x00003640                TC0_Handler
 .text.set_motor_voltage
                0x00003710       0x2c main.o
                0x00003710                set_motor_voltage
 .text.get_position
                0x0000373c       0xa8 main.o
                0x0000373c                get_position
 .text.main     0x000037e4      0x564 main.o
                0x000037e4                main
 .text          0x00003d48      0x370 c:/program files (x86)/atmel/studio/7.0/toolchain/arm/arm-gnu-toolchain/bin/../lib/gcc/arm-none-eabi/6.3.1/thumb/v7e-m\libgcc.a(_arm_addsubdf3.o)
                0x00003d48                __aeabi_drsub
                0x00003d50                __aeabi_dsub
                0x00003d50                __subdf3
                0x00003d54                __aeabi_dadd
                0x00003d54                __adddf3
                0x00003fcc                __floatunsidf
                0x00003fcc                __aeabi_ui2d
                0x00003fec                __floatsidf
                0x00003fec                __aeabi_i2d
                0x00004010                __aeabi_f2d
                0x00004010                __extendsfdf2
                0x0000404c                __floatundidf
                0x0000404c                __aeabi_ul2d
                0x0000405c                __floatdidf
                0x0000405c                __aeabi_l2d
 .text          0x000040b8      0x424 c:/program files (x86)/atmel/studio/7.0/toolchain/arm/arm-gnu-toolchain/bin/../lib/gcc/arm-none-eabi/6.3.1/thumb/v7e-m\libgcc.a(_arm_muldivdf3.o)
                0x000040b8                __aeabi_dmul
                0x000040b8                __muldf3
                0x0000430c                __divdf3
                0x0000430c                __aeabi_ddiv
 .text          0x000044dc       0xa0 c:/program files (x86)/atmel/studio/7.0/toolchain/arm/arm-gnu-toolchain/bin/../lib/gcc/arm-none-eabi/6.3.1/thumb/v7e-m\libgcc.a(_arm_truncdfsf2.o)
                0x000044dc                __truncdfsf2
                0x000044dc                __aeabi_d2f
 .text.__libc_init_array
                0x0000457c       0x48 c:/program files (x86)/atmel/studio/7.0/toolchain/arm/arm-gnu-toolchain/bin/../lib/gcc/arm-none-eabi/6.3.1/../../../../arm-none-eabi/lib/thumb/v7e-m\libc_nano.a(lib_a-init.o)
                0x0000457c                __libc_init_array
 *(.glue_7t)
 .glue_7t       0x000045c4        0x0 linker stubs
 *(.glue_7)
 .glue_7        0x000045c4        0x0 linker stubs
 *(.rodata .rodata* .gnu.linkonce.r.*)
 .rodata        0x000045c4       0x1c driver_init.o
 .rodata        0x000045e0       0x1a hal/src/hal_adc_sync.o
 *fill*         0x000045fa        0x2 
 .rodata        0x000045fc       0x1b hal/src/hal_qspi_sync.o
 *fill*         0x00004617        0x1 
 .rodata        0x00004618       0x41 hpl/adc/hpl_adc.o
 *fill*         0x00004659        0x3 
 .rodata        0x0000465c       0x14 hpl/ccl/hpl_ccl.o
                0x0000465c                _ccl_reg_cfgs
 .rodata        0x00004670      0x104 hpl/evsys/hpl_evsys.o
 .rodata        0x00004774       0x17 hpl/qspi/hpl_qspi.o
 *(.ARM.extab* .gnu.linkonce.armextab.*)
                0x0000478c                . = ALIGN (0x4)
 *fill*         0x0000478b        0x1 
 *(.init)
 .init          0x0000478c        0x4 c:/program files (x86)/atmel/studio/7.0/toolchain/arm/arm-gnu-toolchain/bin/../lib/gcc/arm-none-eabi/6.3.1/thumb/v7e-m/crti.o
                0x0000478c                _init
 .init          0x00004790        0x8 c:/program files (x86)/atmel/studio/7.0/toolchain/arm/arm-gnu-toolchain/bin/../lib/gcc/arm-none-eabi/6.3.1/thumb/v7e-m/crtn.o
                0x00004798                . = ALIGN (0x4)
                0x00004798                __preinit_array_start = .
 *(.preinit_array)
                0x00004798                __preinit_array_end = .
                0x00004798                . = ALIGN (0x4)
                0x00004798                __init_array_start = .
 *(SORT(.init_array.*))
 *(.init_array)
 .init_array    0x00004798        0x4 c:/program files (x86)/atmel/studio/7.0/toolchain/arm/arm-gnu-toolchain/bin/../lib/gcc/arm-none-eabi/6.3.1/thumb/v7e-m/crtbegin.o
                0x0000479c                __init_array_end = .
                0x0000479c                . = ALIGN (0x4)
 *crtbegin.o(.ctors)
 *(EXCLUDE_FILE(*crtend.o) .ctors)
 *(SORT(.ctors.*))
 *crtend.o(.ctors)
                0x0000479c                . = ALIGN (0x4)
 *(.fini)
 .fini          0x0000479c        0x4 c:/program files (x86)/atmel/studio/7.0/toolchain/arm/arm-gnu-toolchain/bin/../lib/gcc/arm-none-eabi/6.3.1/thumb/v7e-m/crti.o
                0x0000479c                _fini
 .fini          0x000047a0        0x8 c:/program files (x86)/atmel/studio/7.0/toolchain/arm/arm-gnu-toolchain/bin/../lib/gcc/arm-none-eabi/6.3.1/thumb/v7e-m/crtn.o
                0x000047a8                . = ALIGN (0x4)
                0x000047a8                __fini_array_start = .
 *(.fini_array)
 .fini_array    0x000047a8        0x4 c:/program files (x86)/atmel/studio/7.0/toolchain/arm/arm-gnu-toolchain/bin/../lib/gcc/arm-none-eabi/6.3.1/thumb/v7e-m/crtbegin.o
 *(SORT(.fini_array.*))
                0x000047ac                __fini_array_end = .
 *crtbegin.o(.dtors)
 *(EXCLUDE_FILE(*crtend.o) .dtors)
 *(SORT(.dtors.*))
 *crtend.o(.dtors)
                0x000047ac                . = ALIGN (0x4)
                0x000047ac                _efixed = .
                [!provide]                PROVIDE (__exidx_start, .)

.vfp11_veneer   0x000047ac        0x0
 .vfp11_veneer  0x000047ac        0x0 linker stubs

.v4_bx          0x000047ac        0x0
 .v4_bx         0x000047ac        0x0 linker stubs

.iplt           0x000047ac        0x0
 .iplt          0x000047ac        0x0 c:/program files (x86)/atmel/studio/7.0/toolchain/arm/arm-gnu-toolchain/bin/../lib/gcc/arm-none-eabi/6.3.1/thumb/v7e-m/crtbegin.o

.eh_frame       0x000047ac        0x0
 .eh_frame      0x000047ac        0x0 c:/program files (x86)/atmel/studio/7.0/toolchain/arm/arm-gnu-toolchain/bin/../lib/gcc/arm-none-eabi/6.3.1/thumb/v7e-m/crtbegin.o

.rel.dyn        0x000047ac        0x0
 .rel.iplt      0x000047ac        0x0 c:/program files (x86)/atmel/studio/7.0/toolchain/arm/arm-gnu-toolchain/bin/../lib/gcc/arm-none-eabi/6.3.1/thumb/v7e-m/crtbegin.o

.jcr            0x000047ac        0x0
 .jcr           0x000047ac        0x0 c:/program files (x86)/atmel/studio/7.0/toolchain/arm/arm-gnu-toolchain/bin/../lib/gcc/arm-none-eabi/6.3.1/thumb/v7e-m/crtbegin.o

.igot.plt       0x000047ac        0x0
 .igot.plt      0x000047ac        0x0 c:/program files (x86)/atmel/studio/7.0/toolchain/arm/arm-gnu-toolchain/bin/../lib/gcc/arm-none-eabi/6.3.1/thumb/v7e-m/crtbegin.o

.ARM.exidx
 *(.ARM.exidx* .gnu.linkonce.armexidx.*)
                [!provide]                PROVIDE (__exidx_end, .)
                0x000047ac                . = ALIGN (0x4)
                0x000047ac                _etext = .

.relocate       0x20000000       0xac load address 0x000047ac
                0x20000000                . = ALIGN (0x4)
                0x20000000                _srelocate = .
 *(.ramfunc .ramfunc.*)
 *(.data .data.*)
 .data          0x20000000        0xc helper.o
                0x20000000                encoder_raw_data
                0x20000008                Fs
 .data          0x2000000c       0x9d main.o
                0x2000000c                abort_FIFO
                0x20000018                data_send
                0x20000058                config_fifo
                0x20000068                msg
                0x2000006c                steps
                0x20000074                patterns
                0x20000094                trq_ready
                0x20000098                v_max
                0x2000009c                i_max
                0x200000a0                w_max
                0x200000a4                kt
                0x200000a8                activate_control
                0x200000ac                . = ALIGN (0x4)
 *fill*         0x200000a9        0x3 
                0x200000ac                _erelocate = .

.bkupram        0x47000000        0x0
                0x47000000                . = ALIGN (0x8)
                0x47000000                _sbkupram = .
 *(.bkupram .bkupram.*)
                0x47000000                . = ALIGN (0x8)
                0x47000000                _ebkupram = .

.qspi           0x04000000        0x0
                0x04000000                . = ALIGN (0x8)
                0x04000000                _sqspi = .
 *(.qspi .qspi.*)
                0x04000000                . = ALIGN (0x8)
                0x04000000                _eqspi = .

.bss            0x200000ac      0x244 load address 0x00004858
                0x200000ac                . = ALIGN (0x4)
                0x200000ac                _sbss = .
                0x200000ac                _szero = .
 *(.bss .bss.*)
 .bss           0x200000ac       0x1c c:/program files (x86)/atmel/studio/7.0/toolchain/arm/arm-gnu-toolchain/bin/../lib/gcc/arm-none-eabi/6.3.1/thumb/v7e-m/crtbegin.o
 .bss           0x200000c8       0x13 helper.o
                0x200000c8                encoder_multiturn_counter
                0x200000cc                encoder_position
                0x200000d0                encoder_position_in_rad
                0x200000d4                encoder_offset
                0x200000d8                encoder_Err
                0x200000d9                encoder_Not_Warning
                0x200000da                encoder_crc_inv
 *fill*         0x200000db        0x1 
 .bss           0x200000dc       0xc4 main.o
                0x200000dc                clear_RDRAM
                0x200000e0                zero_32
                0x20000120                curr_reference
                0x20000124                rot_speed
                0x20000128                hall
                0x2000012c                step
                0x20000130                revolution_counter_elec
                0x20000134                revolution_counter_mech
                0x20000138                rel_position
                0x2000013c                out_i
                0x2000014c                out_w
                0x2000015c                out_p
                0x2000016c                desired_pos
                0x20000170                desired_trq
                0x20000174                desired_spd
                0x20000178                desired_curr
                0x2000017c                kp_p
                0x20000180                kp_n
                0x20000184                joint_max_speed
                0x20000188                kp_i
                0x2000018c                ki_i
                0x20000190                direction
                0x20000191                control_type
                0x20000194                volt_ref
                0x20000198                curr_ref_controller
                0x2000019c                speed_ref_controller
 *(COMMON)
 COMMON         0x200001a0        0xc driver_init.o
                0x200001a0                CURR_A_TRQ_ADC
                0x200001a4                CURR_B_ADC
                0x200001a8                ECAT_QSPI
 COMMON         0x200001ac       0x10 hpl/ramecc/hpl_ramecc.o
                0x200001ac                device
 COMMON         0x200001bc      0x134 main.o
                0x200001bc                data_receive_ethercat_var
                0x200001fc                buffB
                0x20000200                V_sens
                0x20000204                currA
                0x20000208                voltA
                0x2000020c                H_0_pulse_width_in_sec
                0x20000210                buffC
                0x20000214                data_send_ethercat_zero
                0x20000254                currB
                0x20000258                received_data
                0x20000298                buffA
                0x2000029c                V_in_ADC
                0x200002a0                trq_in_N
                0x200002a4                H_0_pulse_width
                0x200002a8                current_ready
                0x200002ac                data_send_ethercat_var
                0x200002ec                voltB
                0x200002f0                . = ALIGN (0x4)
                0x200002f0                _ebss = .
                0x200002f0                _ezero = .

.stack          0x200002f0     0x8000 load address 0x00004a9c
                0x200002f0                . = ALIGN (0x8)
                0x200002f0                _sstack = .
                0x200082f0                . = (. + STACK_SIZE)
 *fill*         0x200002f0     0x8000 
                0x200082f0                . = ALIGN (0x8)
                0x200082f0                _estack = .
                0x200082f0                . = ALIGN (0x4)
                0x200082f0                _end = .
OUTPUT(PWM_test_1.elf elf32-littlearm)

.ARM.attributes
                0x00000000       0x2e
 .ARM.attributes
                0x00000000       0x1e c:/program files (x86)/atmel/studio/7.0/toolchain/arm/arm-gnu-toolchain/bin/../lib/gcc/arm-none-eabi/6.3.1/thumb/v7e-m/crti.o
 .ARM.attributes
                0x0000001e       0x2e c:/program files (x86)/atmel/studio/7.0/toolchain/arm/arm-gnu-toolchain/bin/../lib/gcc/arm-none-eabi/6.3.1/thumb/v7e-m/crtbegin.o
 .ARM.attributes
                0x0000004c       0x37 atmel_start.o
 .ARM.attributes
                0x00000083       0x37 Device_Startup/startup_samd51.o
 .ARM.attributes
                0x000000ba       0x37 driver_init.o
 .ARM.attributes
                0x000000f1       0x37 hal/src/hal_adc_sync.o
 .ARM.attributes
                0x00000128       0x37 hal/src/hal_atomic.o
 .ARM.attributes
                0x0000015f       0x37 hal/src/hal_evsys.o
 .ARM.attributes
                0x00000196       0x37 hal/src/hal_qspi_sync.o
 .ARM.attributes
                0x000001cd       0x37 hal/utils/src/utils_assert.o
 .ARM.attributes
                0x00000204       0x37 helper.o
 .ARM.attributes
                0x0000023b       0x37 hpl/adc/hpl_adc.o
 .ARM.attributes
                0x00000272       0x37 hpl/ccl/hpl_ccl.o
 .ARM.attributes
                0x000002a9       0x37 hpl/core/hpl_init.o
 .ARM.attributes
                0x000002e0       0x37 hpl/evsys/hpl_evsys.o
 .ARM.attributes
                0x00000317       0x37 hpl/gclk/hpl_gclk.o
 .ARM.attributes
                0x0000034e       0x37 hpl/mclk/hpl_mclk.o
 .ARM.attributes
                0x00000385       0x37 hpl/osc32kctrl/hpl_osc32kctrl.o
 .ARM.attributes
                0x000003bc       0x37 hpl/oscctrl/hpl_oscctrl.o
 .ARM.attributes
                0x000003f3       0x37 hpl/qspi/hpl_qspi.o
 .ARM.attributes
                0x0000042a       0x37 hpl/ramecc/hpl_ramecc.o
 .ARM.attributes
                0x00000461       0x37 hpl/spi/spi_lite.o
 .ARM.attributes
                0x00000498       0x37 hpl/tcc/tcc_lite.o
 .ARM.attributes
                0x000004cf       0x37 hpl/tc/tc_lite.o
 .ARM.attributes
                0x00000506       0x37 main.o
 .ARM.attributes
                0x0000053d       0x1e c:/program files (x86)/atmel/studio/7.0/toolchain/arm/arm-gnu-toolchain/bin/../lib/gcc/arm-none-eabi/6.3.1/thumb/v7e-m\libgcc.a(_arm_addsubdf3.o)
 .ARM.attributes
                0x0000055b       0x1e c:/program files (x86)/atmel/studio/7.0/toolchain/arm/arm-gnu-toolchain/bin/../lib/gcc/arm-none-eabi/6.3.1/thumb/v7e-m\libgcc.a(_arm_muldivdf3.o)
 .ARM.attributes
                0x00000579       0x1e c:/program files (x86)/atmel/studio/7.0/toolchain/arm/arm-gnu-toolchain/bin/../lib/gcc/arm-none-eabi/6.3.1/thumb/v7e-m\libgcc.a(_arm_truncdfsf2.o)
 .ARM.attributes
                0x00000597       0x2e c:/program files (x86)/atmel/studio/7.0/toolchain/arm/arm-gnu-toolchain/bin/../lib/gcc/arm-none-eabi/6.3.1/../../../../arm-none-eabi/lib/thumb/v7e-m\libc_nano.a(lib_a-init.o)
 .ARM.attributes
                0x000005c5       0x1e c:/program files (x86)/atmel/studio/7.0/toolchain/arm/arm-gnu-toolchain/bin/../lib/gcc/arm-none-eabi/6.3.1/thumb/v7e-m/crtn.o

.comment        0x00000000       0x59
 .comment       0x00000000       0x59 atmel_start.o
                                 0x5a (size before relaxing)
 .comment       0x00000059       0x5a Device_Startup/startup_samd51.o
 .comment       0x00000059       0x5a driver_init.o
 .comment       0x00000059       0x5a hal/src/hal_adc_sync.o
 .comment       0x00000059       0x5a hal/src/hal_atomic.o
 .comment       0x00000059       0x5a hal/src/hal_evsys.o
 .comment       0x00000059       0x5a hal/src/hal_qspi_sync.o
 .comment       0x00000059       0x5a hal/utils/src/utils_assert.o
 .comment       0x00000059       0x5a helper.o
 .comment       0x00000059       0x5a hpl/adc/hpl_adc.o
 .comment       0x00000059       0x5a hpl/ccl/hpl_ccl.o
 .comment       0x00000059       0x5a hpl/core/hpl_init.o
 .comment       0x00000059       0x5a hpl/evsys/hpl_evsys.o
 .comment       0x00000059       0x5a hpl/gclk/hpl_gclk.o
 .comment       0x00000059       0x5a hpl/mclk/hpl_mclk.o
 .comment       0x00000059       0x5a hpl/osc32kctrl/hpl_osc32kctrl.o
 .comment       0x00000059       0x5a hpl/oscctrl/hpl_oscctrl.o
 .comment       0x00000059       0x5a hpl/qspi/hpl_qspi.o
 .comment       0x00000059       0x5a hpl/ramecc/hpl_ramecc.o
 .comment       0x00000059       0x5a hpl/spi/spi_lite.o
 .comment       0x00000059       0x5a hpl/tcc/tcc_lite.o
 .comment       0x00000059       0x5a hpl/tc/tc_lite.o
 .comment       0x00000059       0x5a main.o

.debug_info     0x00000000    0x1e424
 .debug_info    0x00000000      0x193 atmel_start.o
 .debug_info    0x00000193      0xd67 Device_Startup/startup_samd51.o
 .debug_info    0x00000efa     0x39f9 driver_init.o
 .debug_info    0x000048f3      0x875 hal/src/hal_adc_sync.o
 .debug_info    0x00005168      0x201 hal/src/hal_atomic.o
 .debug_info    0x00005369      0x290 hal/src/hal_evsys.o
 .debug_info    0x000055f9      0x480 hal/src/hal_qspi_sync.o
 .debug_info    0x00005a79      0x134 hal/utils/src/utils_assert.o
 .debug_info    0x00005bad     0x31d6 helper.o
 .debug_info    0x00008d83     0x3327 hpl/adc/hpl_adc.o
 .debug_info    0x0000c0aa      0x5b9 hpl/ccl/hpl_ccl.o
 .debug_info    0x0000c663      0xbc4 hpl/core/hpl_init.o
 .debug_info    0x0000d227      0xfb5 hpl/evsys/hpl_evsys.o
 .debug_info    0x0000e1dc      0x5a7 hpl/gclk/hpl_gclk.o
 .debug_info    0x0000e783      0xa05 hpl/mclk/hpl_mclk.o
 .debug_info    0x0000f188      0x6ee hpl/osc32kctrl/hpl_osc32kctrl.o
 .debug_info    0x0000f876     0x18ce hpl/oscctrl/hpl_oscctrl.o
 .debug_info    0x00011144     0x105e hpl/qspi/hpl_qspi.o
 .debug_info    0x000121a2      0xb4f hpl/ramecc/hpl_ramecc.o
 .debug_info    0x00012cf1     0x289f hpl/spi/spi_lite.o
 .debug_info    0x00015590     0x2347 hpl/tcc/tcc_lite.o
 .debug_info    0x000178d7     0x14a8 hpl/tc/tc_lite.o
 .debug_info    0x00018d7f     0x56a5 main.o

.debug_abbrev   0x00000000     0x2de6
 .debug_abbrev  0x00000000       0xd0 atmel_start.o
 .debug_abbrev  0x000000d0      0x171 Device_Startup/startup_samd51.o
 .debug_abbrev  0x00000241      0x2ea driver_init.o
 .debug_abbrev  0x0000052b      0x160 hal/src/hal_adc_sync.o
 .debug_abbrev  0x0000068b      0x157 hal/src/hal_atomic.o
 .debug_abbrev  0x000007e2       0xce hal/src/hal_evsys.o
 .debug_abbrev  0x000008b0      0x15b hal/src/hal_qspi_sync.o
 .debug_abbrev  0x00000a0b       0x9e hal/utils/src/utils_assert.o
 .debug_abbrev  0x00000aa9      0x304 helper.o
 .debug_abbrev  0x00000dad      0x366 hpl/adc/hpl_adc.o
 .debug_abbrev  0x00001113      0x1d6 hpl/ccl/hpl_ccl.o
 .debug_abbrev  0x000012e9      0x1b7 hpl/core/hpl_init.o
 .debug_abbrev  0x000014a0      0x22f hpl/evsys/hpl_evsys.o
 .debug_abbrev  0x000016cf      0x186 hpl/gclk/hpl_gclk.o
 .debug_abbrev  0x00001855      0x1bb hpl/mclk/hpl_mclk.o
 .debug_abbrev  0x00001a10      0x1e7 hpl/osc32kctrl/hpl_osc32kctrl.o
 .debug_abbrev  0x00001bf7      0x24a hpl/oscctrl/hpl_oscctrl.o
 .debug_abbrev  0x00001e41      0x2a0 hpl/qspi/hpl_qspi.o
 .debug_abbrev  0x000020e1      0x28f hpl/ramecc/hpl_ramecc.o
 .debug_abbrev  0x00002370      0x292 hpl/spi/spi_lite.o
 .debug_abbrev  0x00002602      0x236 hpl/tcc/tcc_lite.o
 .debug_abbrev  0x00002838      0x236 hpl/tc/tc_lite.o
 .debug_abbrev  0x00002a6e      0x378 main.o

.debug_loc      0x00000000     0x6a48
 .debug_loc     0x00000000       0x2c atmel_start.o
 .debug_loc     0x0000002c       0x64 Device_Startup/startup_samd51.o
 .debug_loc     0x00000090      0xe1c driver_init.o
 .debug_loc     0x00000eac      0x4f4 hal/src/hal_adc_sync.o
 .debug_loc     0x000013a0       0xfc hal/src/hal_atomic.o
 .debug_loc     0x0000149c      0x1dc hal/src/hal_evsys.o
 .debug_loc     0x00001678      0x1d4 hal/src/hal_qspi_sync.o
 .debug_loc     0x0000184c       0x5c hal/utils/src/utils_assert.o
 .debug_loc     0x000018a8      0x460 helper.o
 .debug_loc     0x00001d08     0x2074 hpl/adc/hpl_adc.o
 .debug_loc     0x00003d7c      0x2a0 hpl/ccl/hpl_ccl.o
 .debug_loc     0x0000401c       0x88 hpl/core/hpl_init.o
 .debug_loc     0x000040a4      0x2e8 hpl/evsys/hpl_evsys.o
 .debug_loc     0x0000438c      0x128 hpl/gclk/hpl_gclk.o
 .debug_loc     0x000044b4       0xac hpl/mclk/hpl_mclk.o
 .debug_loc     0x00004560      0x164 hpl/osc32kctrl/hpl_osc32kctrl.o
 .debug_loc     0x000046c4      0x660 hpl/oscctrl/hpl_oscctrl.o
 .debug_loc     0x00004d24      0x674 hpl/qspi/hpl_qspi.o
 .debug_loc     0x00005398      0x3ac hpl/ramecc/hpl_ramecc.o
 .debug_loc     0x00005744      0x690 hpl/spi/spi_lite.o
 .debug_loc     0x00005dd4      0x3d8 hpl/tcc/tcc_lite.o
 .debug_loc     0x000061ac      0x394 hpl/tc/tc_lite.o
 .debug_loc     0x00006540      0x508 main.o

.debug_aranges  0x00000000      0xcd0
 .debug_aranges
                0x00000000       0x20 atmel_start.o
 .debug_aranges
                0x00000020       0x28 Device_Startup/startup_samd51.o
 .debug_aranges
                0x00000048      0x1b0 driver_init.o
 .debug_aranges
                0x000001f8       0x98 hal/src/hal_adc_sync.o
 .debug_aranges
                0x00000290       0x30 hal/src/hal_atomic.o
 .debug_aranges
                0x000002c0       0x50 hal/src/hal_evsys.o
 .debug_aranges
                0x00000310       0x48 hal/src/hal_qspi_sync.o
 .debug_aranges
                0x00000358       0x20 hal/utils/src/utils_assert.o
 .debug_aranges
                0x00000378       0x88 helper.o
 .debug_aranges
                0x00000400      0x340 hpl/adc/hpl_adc.o
 .debug_aranges
                0x00000740       0x60 hpl/ccl/hpl_ccl.o
 .debug_aranges
                0x000007a0       0x28 hpl/core/hpl_init.o
 .debug_aranges
                0x000007c8       0x60 hpl/evsys/hpl_evsys.o
 .debug_aranges
                0x00000828       0x38 hpl/gclk/hpl_gclk.o
 .debug_aranges
                0x00000860       0x28 hpl/mclk/hpl_mclk.o
 .debug_aranges
                0x00000888       0x38 hpl/osc32kctrl/hpl_osc32kctrl.o
 .debug_aranges
                0x000008c0       0xa8 hpl/oscctrl/hpl_oscctrl.o
 .debug_aranges
                0x00000968       0xb0 hpl/qspi/hpl_qspi.o
 .debug_aranges
                0x00000a18       0x70 hpl/ramecc/hpl_ramecc.o
 .debug_aranges
                0x00000a88       0xc0 hpl/spi/spi_lite.o
 .debug_aranges
                0x00000b48       0x78 hpl/tcc/tcc_lite.o
 .debug_aranges
                0x00000bc0       0x70 hpl/tc/tc_lite.o
 .debug_aranges
                0x00000c30       0xa0 main.o

.debug_ranges   0x00000000      0xb60
 .debug_ranges  0x00000000       0x10 atmel_start.o
 .debug_ranges  0x00000010       0x18 Device_Startup/startup_samd51.o
 .debug_ranges  0x00000028      0x1a0 driver_init.o
 .debug_ranges  0x000001c8       0x88 hal/src/hal_adc_sync.o
 .debug_ranges  0x00000250       0x20 hal/src/hal_atomic.o
 .debug_ranges  0x00000270       0x40 hal/src/hal_evsys.o
 .debug_ranges  0x000002b0       0x38 hal/src/hal_qspi_sync.o
 .debug_ranges  0x000002e8       0x10 hal/utils/src/utils_assert.o
 .debug_ranges  0x000002f8       0x78 helper.o
 .debug_ranges  0x00000370      0x330 hpl/adc/hpl_adc.o
 .debug_ranges  0x000006a0       0x50 hpl/ccl/hpl_ccl.o
 .debug_ranges  0x000006f0       0x18 hpl/core/hpl_init.o
 .debug_ranges  0x00000708       0x50 hpl/evsys/hpl_evsys.o
 .debug_ranges  0x00000758       0x28 hpl/gclk/hpl_gclk.o
 .debug_ranges  0x00000780       0x18 hpl/mclk/hpl_mclk.o
 .debug_ranges  0x00000798       0x28 hpl/osc32kctrl/hpl_osc32kctrl.o
 .debug_ranges  0x000007c0       0x98 hpl/oscctrl/hpl_oscctrl.o
 .debug_ranges  0x00000858       0xa0 hpl/qspi/hpl_qspi.o
 .debug_ranges  0x000008f8       0x60 hpl/ramecc/hpl_ramecc.o
 .debug_ranges  0x00000958       0xb0 hpl/spi/spi_lite.o
 .debug_ranges  0x00000a08       0x68 hpl/tcc/tcc_lite.o
 .debug_ranges  0x00000a70       0x60 hpl/tc/tc_lite.o
 .debug_ranges  0x00000ad0       0x90 main.o

.debug_macro    0x00000000    0x2a48a
 .debug_macro   0x00000000      0x70d atmel_start.o
 .debug_macro   0x0000070d      0x8b0 atmel_start.o
 .debug_macro   0x00000fbd      0x16d atmel_start.o
 .debug_macro   0x0000112a       0x22 atmel_start.o
 .debug_macro   0x0000114c       0x87 atmel_start.o
 .debug_macro   0x000011d3       0x51 atmel_start.o
 .debug_macro   0x00001224       0xef atmel_start.o
 .debug_macro   0x00001313       0x6a atmel_start.o
 .debug_macro   0x0000137d      0x1df atmel_start.o
 .debug_macro   0x0000155c       0x22 atmel_start.o
 .debug_macro   0x0000157e       0x54 atmel_start.o
 .debug_macro   0x000015d2       0x1c atmel_start.o
 .debug_macro   0x000015ee       0x22 atmel_start.o
 .debug_macro   0x00001610       0xdf atmel_start.o
 .debug_macro   0x000016ef     0x102d atmel_start.o
 .debug_macro   0x0000271c      0x11f atmel_start.o
 .debug_macro   0x0000283b      0x706 atmel_start.o
 .debug_macro   0x00002f41      0xb5b atmel_start.o
 .debug_macro   0x00003a9c      0x3c0 atmel_start.o
 .debug_macro   0x00003e5c      0x336 atmel_start.o
 .debug_macro   0x00004192      0x3b7 atmel_start.o
 .debug_macro   0x00004549      0x668 atmel_start.o
 .debug_macro   0x00004bb1     0x143f atmel_start.o
 .debug_macro   0x00005ff0      0x651 atmel_start.o
 .debug_macro   0x00006641      0x67b atmel_start.o
 .debug_macro   0x00006cbc      0x6d7 atmel_start.o
 .debug_macro   0x00007393      0x172 atmel_start.o
 .debug_macro   0x00007505      0x395 atmel_start.o
 .debug_macro   0x0000789a       0x3a atmel_start.o
 .debug_macro   0x000078d4      0x72a atmel_start.o
 .debug_macro   0x00007ffe      0x59f atmel_start.o
 .debug_macro   0x0000859d      0xbc0 atmel_start.o
 .debug_macro   0x0000915d      0x9b9 atmel_start.o
 .debug_macro   0x00009b16      0x2a3 atmel_start.o
 .debug_macro   0x00009db9      0x877 atmel_start.o
 .debug_macro   0x0000a630      0x1ea atmel_start.o
 .debug_macro   0x0000a81a      0x8f4 atmel_start.o
 .debug_macro   0x0000b10e      0x216 atmel_start.o
 .debug_macro   0x0000b324      0x3f9 atmel_start.o
 .debug_macro   0x0000b71d      0x620 atmel_start.o
 .debug_macro   0x0000bd3d      0x10d atmel_start.o
 .debug_macro   0x0000be4a       0xb8 atmel_start.o
 .debug_macro   0x0000bf02     0x1df7 atmel_start.o
 .debug_macro   0x0000dcf9     0x2e69 atmel_start.o
 .debug_macro   0x00010b62     0x11ed atmel_start.o
 .debug_macro   0x00011d4f      0x50e atmel_start.o
 .debug_macro   0x0001225d      0x930 atmel_start.o
 .debug_macro   0x00012b8d     0x1ad8 atmel_start.o
 .debug_macro   0x00014665       0xe7 atmel_start.o
 .debug_macro   0x0001474c     0x13e6 atmel_start.o
 .debug_macro   0x00015b32      0x36a atmel_start.o
 .debug_macro   0x00015e9c       0x94 atmel_start.o
 .debug_macro   0x00015f30       0xdc atmel_start.o
 .debug_macro   0x0001600c       0xe2 atmel_start.o
 .debug_macro   0x000160ee       0xdc atmel_start.o
 .debug_macro   0x000161ca       0x46 atmel_start.o
 .debug_macro   0x00016210       0x4c atmel_start.o
 .debug_macro   0x0001625c       0xc4 atmel_start.o
 .debug_macro   0x00016320      0x7d5 atmel_start.o
 .debug_macro   0x00016af5       0xb8 atmel_start.o
 .debug_macro   0x00016bad       0x7c atmel_start.o
 .debug_macro   0x00016c29      0xc19 atmel_start.o
 .debug_macro   0x00017842       0x46 atmel_start.o
 .debug_macro   0x00017888      0x25b atmel_start.o
 .debug_macro   0x00017ae3      0x170 atmel_start.o
 .debug_macro   0x00017c53       0x7c atmel_start.o
 .debug_macro   0x00017ccf       0x4c atmel_start.o
 .debug_macro   0x00017d1b       0x82 atmel_start.o
 .debug_macro   0x00017d9d      0x1a3 atmel_start.o
 .debug_macro   0x00017f40       0x46 atmel_start.o
 .debug_macro   0x00017f86       0x6a atmel_start.o
 .debug_macro   0x00017ff0       0x46 atmel_start.o
 .debug_macro   0x00018036       0x88 atmel_start.o
 .debug_macro   0x000180be       0x46 atmel_start.o
 .debug_macro   0x00018104      0x24e atmel_start.o
 .debug_macro   0x00018352       0x1c atmel_start.o
 .debug_macro   0x0001836e       0x76 atmel_start.o
 .debug_macro   0x000183e4       0x3a atmel_start.o
 .debug_macro   0x0001841e       0x2e atmel_start.o
 .debug_macro   0x0001844c      0x196 atmel_start.o
 .debug_macro   0x000185e2      0x16f atmel_start.o
 .debug_macro   0x00018751      0x25d atmel_start.o
 .debug_macro   0x000189ae      0x25d atmel_start.o
 .debug_macro   0x00018c0b      0x25d atmel_start.o
 .debug_macro   0x00018e68      0x25d atmel_start.o
 .debug_macro   0x000190c5      0x25d atmel_start.o
 .debug_macro   0x00019322      0x25d atmel_start.o
 .debug_macro   0x0001957f       0x52 atmel_start.o
 .debug_macro   0x000195d1       0xfa atmel_start.o
 .debug_macro   0x000196cb       0xfa atmel_start.o
 .debug_macro   0x000197c5       0xfa atmel_start.o
 .debug_macro   0x000198bf       0xfa atmel_start.o
 .debug_macro   0x000199b9      0x148 atmel_start.o
 .debug_macro   0x00019b01      0x124 atmel_start.o
 .debug_macro   0x00019c25      0x106 atmel_start.o
 .debug_macro   0x00019d2b       0x2e atmel_start.o
 .debug_macro   0x00019d59      0x46a atmel_start.o
 .debug_macro   0x0001a1c3       0x3a atmel_start.o
 .debug_macro   0x0001a1fd      0x4bf atmel_start.o
 .debug_macro   0x0001a6bc     0x232c atmel_start.o
 .debug_macro   0x0001c9e8       0xcf atmel_start.o
 .debug_macro   0x0001cab7       0x10 atmel_start.o
 .debug_macro   0x0001cac7       0x10 atmel_start.o
 .debug_macro   0x0001cad7       0x16 atmel_start.o
 .debug_macro   0x0001caed       0x16 atmel_start.o
 .debug_macro   0x0001cb03       0x16 atmel_start.o
 .debug_macro   0x0001cb19       0x16 atmel_start.o
 .debug_macro   0x0001cb2f       0x16 atmel_start.o
 .debug_macro   0x0001cb45       0x40 atmel_start.o
 .debug_macro   0x0001cb85       0x16 atmel_start.o
 .debug_macro   0x0001cb9b       0x16 atmel_start.o
 .debug_macro   0x0001cbb1       0x16 atmel_start.o
 .debug_macro   0x0001cbc7       0x16 atmel_start.o
 .debug_macro   0x0001cbdd       0x16 atmel_start.o
 .debug_macro   0x0001cbf3       0x16 atmel_start.o
 .debug_macro   0x0001cc09       0x16 atmel_start.o
 .debug_macro   0x0001cc1f       0x16 atmel_start.o
 .debug_macro   0x0001cc35       0x16 atmel_start.o
 .debug_macro   0x0001cc4b       0x16 atmel_start.o
 .debug_macro   0x0001cc61       0x16 atmel_start.o
 .debug_macro   0x0001cc77       0x16 atmel_start.o
 .debug_macro   0x0001cc8d       0x16 atmel_start.o
 .debug_macro   0x0001cca3       0x16 atmel_start.o
 .debug_macro   0x0001ccb9       0x16 atmel_start.o
 .debug_macro   0x0001cccf       0x16 atmel_start.o
 .debug_macro   0x0001cce5       0x16 atmel_start.o
 .debug_macro   0x0001ccfb       0x16 atmel_start.o
 .debug_macro   0x0001cd11       0x16 atmel_start.o
 .debug_macro   0x0001cd27      0xe5c atmel_start.o
 .debug_macro   0x0001db83      0x9b6 atmel_start.o
 .debug_macro   0x0001e539       0x94 atmel_start.o
 .debug_macro   0x0001e5cd       0x16 atmel_start.o
 .debug_macro   0x0001e5e3       0xbe atmel_start.o
 .debug_macro   0x0001e6a1      0x28c atmel_start.o
 .debug_macro   0x0001e92d       0x16 atmel_start.o
 .debug_macro   0x0001e943      0x4d8 atmel_start.o
 .debug_macro   0x0001ee1b       0x16 atmel_start.o
 .debug_macro   0x0001ee31       0xca atmel_start.o
 .debug_macro   0x0001eefb       0x1c atmel_start.o
 .debug_macro   0x0001ef17       0x16 atmel_start.o
 .debug_macro   0x0001ef2d       0xcf atmel_start.o
 .debug_macro   0x0001effc       0xd0 atmel_start.o
 .debug_macro   0x0001f0cc      0x115 atmel_start.o
 .debug_macro   0x0001f1e1       0x16 atmel_start.o
 .debug_macro   0x0001f1f7      0x412 Device_Startup/startup_samd51.o
 .debug_macro   0x0001f609       0x4e Device_Startup/startup_samd51.o
 .debug_macro   0x0001f657      0x72b driver_init.o
 .debug_macro   0x0001fd82       0xc9 driver_init.o
 .debug_macro   0x0001fe4b      0x5f5 hal/src/hal_adc_sync.o
 .debug_macro   0x00020440      0x5bd hal/src/hal_atomic.o
 .debug_macro   0x000209fd      0x5d3 hal/src/hal_evsys.o
 .debug_macro   0x00020fd0      0x5f2 hal/src/hal_qspi_sync.o
 .debug_macro   0x000215c2      0x5c7 hal/utils/src/utils_assert.o
 .debug_macro   0x00021b89       0x10 hal/utils/src/utils_assert.o
 .debug_macro   0x00021b99      0x717 helper.o
 .debug_macro   0x000222b0      0x620 hpl/adc/hpl_adc.o
 .debug_macro   0x000228d0      0x6cc hpl/adc/hpl_adc.o
 .debug_macro   0x00022f9c      0x6ba hpl/adc/hpl_adc.o
 .debug_macro   0x00023656      0x1c0 hpl/adc/hpl_adc.o
 .debug_macro   0x00023816      0x5ff hpl/ccl/hpl_ccl.o
 .debug_macro   0x00023e15      0x16a hpl/ccl/hpl_ccl.o
 .debug_macro   0x00023f7f      0x660 hpl/core/hpl_init.o
 .debug_macro   0x000245df       0x2e hpl/core/hpl_init.o
 .debug_macro   0x0002460d      0xd7b hpl/core/hpl_init.o
 .debug_macro   0x00025388      0x664 hpl/evsys/hpl_evsys.o
 .debug_macro   0x000259ec      0x8dc hpl/evsys/hpl_evsys.o
 .debug_macro   0x000262c8      0x5d6 hpl/gclk/hpl_gclk.o
 .debug_macro   0x0002689e      0x2f0 hpl/gclk/hpl_gclk.o
 .debug_macro   0x00026b8e      0x5d1 hpl/mclk/hpl_mclk.o
 .debug_macro   0x0002715f      0x5cc hpl/osc32kctrl/hpl_osc32kctrl.o
 .debug_macro   0x0002772b       0x80 hpl/osc32kctrl/hpl_osc32kctrl.o
 .debug_macro   0x000277ab      0x5d6 hpl/oscctrl/hpl_oscctrl.o
 .debug_macro   0x00027d81      0x216 hpl/oscctrl/hpl_oscctrl.o
 .debug_macro   0x00027f97      0x5f7 hpl/qspi/hpl_qspi.o
 .debug_macro   0x0002858e       0x40 hpl/qspi/hpl_qspi.o
 .debug_macro   0x000285ce      0x5e7 hpl/ramecc/hpl_ramecc.o
 .debug_macro   0x00028bb5      0x5db hpl/spi/spi_lite.o
 .debug_macro   0x00029190      0x5cc hpl/tcc/tcc_lite.o
 .debug_macro   0x0002975c      0x5cc hpl/tc/tc_lite.o
 .debug_macro   0x00029d28      0x762 main.o

.debug_line     0x00000000    0x12717
 .debug_line    0x00000000      0xd38 atmel_start.o
 .debug_line    0x00000d38      0x829 Device_Startup/startup_samd51.o
 .debug_line    0x00001561     0x11c0 driver_init.o
 .debug_line    0x00002721      0xcf2 hal/src/hal_adc_sync.o
 .debug_line    0x00003413      0xb54 hal/src/hal_atomic.o
 .debug_line    0x00003f67      0xb88 hal/src/hal_evsys.o
 .debug_line    0x00004aef      0xbee hal/src/hal_qspi_sync.o
 .debug_line    0x000056dd      0xb1c hal/utils/src/utils_assert.o
 .debug_line    0x000061f9      0xeb0 helper.o
 .debug_line    0x000070a9     0x1452 hpl/adc/hpl_adc.o
 .debug_line    0x000084fb      0xc27 hpl/ccl/hpl_ccl.o
 .debug_line    0x00009122      0xc37 hpl/core/hpl_init.o
 .debug_line    0x00009d59      0xc30 hpl/evsys/hpl_evsys.o
 .debug_line    0x0000a989      0xb8e hpl/gclk/hpl_gclk.o
 .debug_line    0x0000b517      0xb4f hpl/mclk/hpl_mclk.o
 .debug_line    0x0000c066      0xb82 hpl/osc32kctrl/hpl_osc32kctrl.o
 .debug_line    0x0000cbe8      0xd12 hpl/oscctrl/hpl_oscctrl.o
 .debug_line    0x0000d8fa      0xd43 hpl/qspi/hpl_qspi.o
 .debug_line    0x0000e63d      0xc37 hpl/ramecc/hpl_ramecc.o
 .debug_line    0x0000f274      0xd16 hpl/spi/spi_lite.o
 .debug_line    0x0000ff8a      0xc10 hpl/tcc/tcc_lite.o
 .debug_line    0x00010b9a      0xbf6 hpl/tc/tc_lite.o
 .debug_line    0x00011790      0xf87 main.o

.debug_str      0x00000000    0xe623b
 .debug_str     0x00000000    0xd25d8 atmel_start.o
                              0xd2aa1 (size before relaxing)
 .debug_str     0x000d25d8      0xb9c Device_Startup/startup_samd51.o
                              0xbbb2a (size before relaxing)
 .debug_str     0x000d3174     0x15b8 driver_init.o
                              0xd4173 (size before relaxing)
 .debug_str     0x000d472c      0x3f3 hal/src/hal_adc_sync.o
                              0xd1a2d (size before relaxing)
 .debug_str     0x000d4b1f       0x9c hal/src/hal_atomic.o
                              0xd1441 (size before relaxing)
 .debug_str     0x000d4bbb       0xca hal/src/hal_evsys.o
                              0xd1517 (size before relaxing)
 .debug_str     0x000d4c85      0x192 hal/src/hal_qspi_sync.o
                              0xd1b31 (size before relaxing)
 .debug_str     0x000d4e17       0x2f hal/utils/src/utils_assert.o
                              0xd1451 (size before relaxing)
 .debug_str     0x000d4e46      0x99e helper.o
                              0xd3d1f (size before relaxing)
 .debug_str     0x000d57e4     0x7401 hpl/adc/hpl_adc.o
                              0xd903a (size before relaxing)
 .debug_str     0x000dcbe5      0x824 hpl/ccl/hpl_ccl.o
                              0xd72bf (size before relaxing)
 .debug_str     0x000dd409     0x3113 hpl/core/hpl_init.o
                              0xd55ef (size before relaxing)
 .debug_str     0x000e051c     0x2763 hpl/evsys/hpl_evsys.o
                              0xd92a2 (size before relaxing)
 .debug_str     0x000e2c7f      0xbf5 hpl/gclk/hpl_gclk.o
                              0xd217d (size before relaxing)
 .debug_str     0x000e3874       0x47 hpl/mclk/hpl_mclk.o
                              0xd1f24 (size before relaxing)
 .debug_str     0x000e38bb      0x457 hpl/osc32kctrl/hpl_osc32kctrl.o
                              0xd18a9 (size before relaxing)
 .debug_str     0x000e3d12      0xcd2 hpl/oscctrl/hpl_oscctrl.o
                              0xd2e1c (size before relaxing)
 .debug_str     0x000e49e4      0x3ae hpl/qspi/hpl_qspi.o
                              0xd2349 (size before relaxing)
 .debug_str     0x000e4d92      0x25d hpl/ramecc/hpl_ramecc.o
                              0xd2271 (size before relaxing)
 .debug_str     0x000e4fef      0x260 hpl/spi/spi_lite.o
                              0xd2700 (size before relaxing)
 .debug_str     0x000e524f      0x78b hpl/tcc/tcc_lite.o
                              0xd1cc9 (size before relaxing)
 .debug_str     0x000e59da      0x39a hpl/tc/tc_lite.o
                              0xd196c (size before relaxing)
 .debug_str     0x000e5d74      0x4c7 main.o
                              0xd4b3b (size before relaxing)

.debug_frame    0x00000000     0x335c
 .debug_frame   0x00000000       0x2c atmel_start.o
 .debug_frame   0x0000002c       0x48 Device_Startup/startup_samd51.o
 .debug_frame   0x00000074      0x6f4 driver_init.o
 .debug_frame   0x00000768      0x250 hal/src/hal_adc_sync.o
 .debug_frame   0x000009b8       0x80 hal/src/hal_atomic.o
 .debug_frame   0x00000a38       0xf8 hal/src/hal_evsys.o
 .debug_frame   0x00000b30       0xe4 hal/src/hal_qspi_sync.o
 .debug_frame   0x00000c14       0x38 hal/utils/src/utils_assert.o
 .debug_frame   0x00000c4c      0x214 helper.o
 .debug_frame   0x00000e60      0xe94 hpl/adc/hpl_adc.o
 .debug_frame   0x00001cf4      0x150 hpl/ccl/hpl_ccl.o
 .debug_frame   0x00001e44       0x54 hpl/core/hpl_init.o
 .debug_frame   0x00001e98      0x160 hpl/evsys/hpl_evsys.o
 .debug_frame   0x00001ff8       0x9c hpl/gclk/hpl_gclk.o
 .debug_frame   0x00002094       0x5c hpl/mclk/hpl_mclk.o
 .debug_frame   0x000020f0       0xac hpl/osc32kctrl/hpl_osc32kctrl.o
 .debug_frame   0x0000219c      0x2d8 hpl/oscctrl/hpl_oscctrl.o
 .debug_frame   0x00002474      0x2e8 hpl/qspi/hpl_qspi.o
 .debug_frame   0x0000275c      0x1b8 hpl/ramecc/hpl_ramecc.o
 .debug_frame   0x00002914      0x30c hpl/spi/spi_lite.o
 .debug_frame   0x00002c20      0x1cc hpl/tcc/tcc_lite.o
 .debug_frame   0x00002dec      0x1ac hpl/tc/tc_lite.o
 .debug_frame   0x00002f98      0x278 main.o
 .debug_frame   0x00003210       0xac c:/program files (x86)/atmel/studio/7.0/toolchain/arm/arm-gnu-toolchain/bin/../lib/gcc/arm-none-eabi/6.3.1/thumb/v7e-m\libgcc.a(_arm_addsubdf3.o)
 .debug_frame   0x000032bc       0x50 c:/program files (x86)/atmel/studio/7.0/toolchain/arm/arm-gnu-toolchain/bin/../lib/gcc/arm-none-eabi/6.3.1/thumb/v7e-m\libgcc.a(_arm_muldivdf3.o)
 .debug_frame   0x0000330c       0x24 c:/program files (x86)/atmel/studio/7.0/toolchain/arm/arm-gnu-toolchain/bin/../lib/gcc/arm-none-eabi/6.3.1/thumb/v7e-m\libgcc.a(_arm_truncdfsf2.o)
 .debug_frame   0x00003330       0x2c c:/program files (x86)/atmel/studio/7.0/toolchain/arm/arm-gnu-toolchain/bin/../lib/gcc/arm-none-eabi/6.3.1/../../../../arm-none-eabi/lib/thumb/v7e-m\libc_nano.a(lib_a-init.o)
